%%info_test_name{/Users/ivan/Documents/GitHub/Switzerland/report/customer/invoice/test/ch.banana.ch.invoice.ch01.test.js}
%%info_test_app{Banana90}{9.0.2}
%%info_test_os{macOS Sierra (10.12)}
%%info_test_qt{5.9.0}
%%info_test_date{2018-01-22}{13:52:35.249}
\documentclass{report}
\usepackage{color}
\usepackage{adjustbox}
\usepackage[margin=1cm]{geometry}
\begin{document}
\newenvironment{tablevalue}[2]
   {\textbf{Table: #1}\\\begin{adjustbox}{max width=\textwidth}\tabular{#2}}
   {\endtabular\end{adjustbox}}
\newenvironment{reportvalue}[1]{\textbf{Report: #1}\\}{\\}
\newcommand{\info}[2]{\textit{#1: #2}\\}
\newcommand{\fatalerror}[1]{\textbf{\textcolor[rgb]{1,0,0}{Fatal error: #1}}\\}
\newcommand{\keyvalue}[2]{\textbf{Keyvalue: #1} #2\\}
\newcommand{\excltest}[1]{\\Excluded from compare: #1}
\newenvironment{testcase}[1]{\section*{Test: #1}}{\newpage}
\newenvironment{test}[1]{\section*{Test case: #1}}{}
%Begin test data
\begin{testcase}{ReportCustomerInvoiceStyle01}
\begin{test}{test1}
\keyvalue{Result}{Passed}
%%info_test_time_elapsed{00:00:00.000}
\end{test}
\begin{test}{test2}
\keyvalue{Result}{Passed}
%%info_test_time_elapsed{00:00:00.000}
\end{test}
\begin{test}{testReport}
%Test ch.banana.ch.invoice.ch01.js
\section{Invoice tests}
\subsection{Test Invoice 35}
\begin{reportvalue}{Test Invoice 35}
\begin{tabular}{ l }
BANANA.CH SA \\
\\
Banana.ch SA - Via Trevano 7a - 6900 Lugano - Switzerland \\
info@banana.ch - www.banana.ch \\
\\
\end{tabular}
\begin{tabular}{ l  l }
Date: 29.01.2018 \\
Customer No: 100002 \\
Payment: 30 days \\
Page: 1 \\
 & Mario Bianchi \\
Via Trevano \\
6963 Pregassona \\
\\
\\
\end{tabular}
\begin{tabular}{ l }
Invoice 35 \\
\\
This is the beginning text... \\
\end{tabular}
\begin{tabular}{ l  l  l }
Description  &  & Total CHF \\
\multicolumn{2}{l}{Sales merchandise, invoice #35, customer B \\
\\
} & 2'000.00 \\
\multicolumn{2}{l}{Sales merchandise, invoice #35, customer B \\
\\
} & 1'000.00 \\
\multicolumn{2}{l}{Sales merchandise, invoice #35, customer B \\
\\
} & 500.00 \\
\multicolumn{3}{l}{}\\
\multicolumn{3}{l}{}\\
TOTAL CHF  &  & 3'500.00 \\
\multicolumn{3}{l}{}\\
\multicolumn{3}{l}{VAT 8.00% = 259.26 CHF \\
}\\
\multicolumn{3}{l}{This is the first note. }\\
\multicolumn{3}{l}{This is the secon note. }\\
\multicolumn{3}{l}{  }\\
\multicolumn{3}{l}{  }\\
\multicolumn{3}{l}{Best regards, Banana.ch SA }\\
\end{tabular}
Aaa \\
Bbb \\
6900 Lugano \\
\\
Aaa \\
Bbb \\
6900 Lugano \\
\\
\\
Banana.ch SA \\
Via Trevano 7a \\
6900 Lugano \\
\\
\\
Banana.ch SA \\
Via Trevano 7a \\
6900 Lugano \\
\\
01-103055-5 \\
\\
01-103055-5 \\
\\
3500 \\
\\
00 \\
\\
3500 \\
\\
00 \\
\\
12 34567 80000 10000 20000 03502  \\
Mario Bianchi \\
Via Trevano \\
6963 Pregassona \\
\\
Mario Bianchi \\
Via Trevano \\
6963 Pregassona \\
\\
12 34567 80000 10000 20000 03502  \\
\\
0100003500009>123456780000100002000003502+ 011030555> \\
\\
\\

\end{reportvalue}
\subsection{Test Invoice 36}
\begin{reportvalue}{Test Invoice 36}
\begin{tabular}{ l }
BANANA.CH SA \\
\\
Banana.ch SA - Via Trevano 7a - 6900 Lugano - Switzerland \\
info@banana.ch - www.banana.ch \\
\\
\end{tabular}
\begin{tabular}{ l  l }
Date: 01.02.2018 \\
Customer No: 100004 \\
Due date: 03.03.2018 \\
Page: 1 \\
 & Susanna Lanfranchi \\
V.Meggiagra 3 \\
6599 Robasacco \\
Switzerland \\
\\
\end{tabular}
\begin{tabular}{ l }
Invoice 36 \\
\\
This is the beginning text... \\
\end{tabular}
\begin{tabular}{ l  l  l }
Description  &  & Total CHF \\
\multicolumn{2}{l}{Sales merchandise, invoice #36, customer D \\
\\
} & 7'000.00 \\
\multicolumn{3}{l}{}\\
\multicolumn{3}{l}{}\\
TOTAL CHF  &  & 7'000.00 \\
\multicolumn{3}{l}{}\\
\multicolumn{3}{l}{VAT 8.00% = 518.52 CHF \\
}\\
\end{tabular}
\\
\begin{tabular}{ l }
Invoice 36 \\
Date: 01.02.2018 \\
Customer No: 100004 \\
Due date: 03.03.2018 \\
Page: 2 \\
\\
\end{tabular}
\begin{tabular}{ l  l  l  l }
Description  &  & Total CHF \\
\end{tabular}
Aaa \\
Bbb \\
6900 Lugano \\
\\
Aaa \\
Bbb \\
6900 Lugano \\
\\
\\
Banana.ch SA \\
Via Trevano 7a \\
6900 Lugano \\
\\
\\
Banana.ch SA \\
Via Trevano 7a \\
6900 Lugano \\
\\
01-103055-5 \\
\\
01-103055-5 \\
\\
7000 \\
\\
00 \\
\\
7000 \\
\\
00 \\
\\
12 34567 80000 10000 40000 03604  \\
Susanna Lanfranchi \\
V.Meggiagra 3 \\
6599 Robasacco \\
\\
Susanna Lanfranchi \\
V.Meggiagra 3 \\
6599 Robasacco \\
\\
12 34567 80000 10000 40000 03604  \\
\\
0100007000003>123456780000100004000003604+ 011030555> \\
\\
\\

\end{reportvalue}
\subsection{Test Invoice 37}
\begin{reportvalue}{Test Invoice 37}
\begin{tabular}{ l }
BANANA.CH SA \\
\\
Banana.ch SA - Via Trevano 7a - 6900 Lugano - Switzerland \\
info@banana.ch - www.banana.ch \\
\\
\end{tabular}
\begin{tabular}{ l  l }
Date: 03.02.2018 \\
Customer No: 100001 \\
Due date: 05.03.2018 \\
Page: 2 \\
 & Carlo Rossi \\
Rossi SA \\
Via Trevano \\
6963 Pregassona \\
Switzerland \\
\\
\end{tabular}
\begin{tabular}{ l }
Invoice 37 \\
\\
This is the beginning text... \\
\end{tabular}
\begin{tabular}{ l  l  l }
Description  &  & Total CHF \\
\multicolumn{2}{l}{Sales merchandise, invoice #37, customer A \\
\\
} & 8'000.00 \\
\multicolumn{2}{l}{Consultancy \\
\\
} & 100.00 \\
\multicolumn{2}{l}{Consultancy \\
\\
} & 100.00 \\
\multicolumn{2}{l}{Consultancy \\
\\
} & 100.00 \\
\multicolumn{2}{l}{Consultancy \\
\\
} & 100.00 \\
\multicolumn{2}{l}{Consultancy \\
\\
} & 100.00 \\
\multicolumn{2}{l}{Consultancy \\
\\
} & 100.00 \\
\multicolumn{3}{l}{}\\
\end{tabular}
\\
\begin{tabular}{ l }
Invoice 37 \\
Date: 03.02.2018 \\
Customer No: 100001 \\
Due date: 05.03.2018 \\
Page: 3 \\
\\
\end{tabular}
\begin{tabular}{ l  l  l  l }
Description  &  & Total CHF \\
\multicolumn{3}{l}{}\\
TOTAL CHF  &  & 8'600.00 \\
\multicolumn{3}{l}{}\\
\multicolumn{3}{l}{VAT 8.00% = 637.05 CHF \\
}\\
\end{tabular}
Aaa \\
Bbb \\
6900 Lugano \\
\\
Aaa \\
Bbb \\
6900 Lugano \\
\\
\\
Banana.ch SA \\
Via Trevano 7a \\
6900 Lugano \\
\\
\\
Banana.ch SA \\
Via Trevano 7a \\
6900 Lugano \\
\\
01-103055-5 \\
\\
01-103055-5 \\
\\
8600 \\
\\
00 \\
\\
8600 \\
\\
00 \\
\\
12 34567 80000 10000 10000 03703  \\
Rossi SA \\
Carlo Rossi \\
Via Trevano \\
6963 Pregassona \\
\\
Rossi SA \\
Carlo Rossi \\
Via Trevano \\
6963 Pregassona \\
\\
12 34567 80000 10000 10000 03703  \\
\\
0100008600005>123456780000100001000003703+ 011030555> \\
\\
\\

\end{reportvalue}
\subsection{Test Invoice 47}
\begin{reportvalue}{Test Invoice 47}
\begin{tabular}{ l }
BANANA.CH SA \\
\\
Banana.ch SA - Via Trevano 7a - 6900 Lugano - Switzerland \\
info@banana.ch - www.banana.ch \\
\\
\end{tabular}
\begin{tabular}{ l  l }
Date: 11.11.2018 \\
Customer No: 100003 \\
Due date: 11.12.2018 \\
Page: 3 \\
 & Marco Alberti \\
V. CampurÃ©ta 40 \\
6883 Novazzano \\
Switzerland \\
\\
\end{tabular}
\begin{tabular}{ l }
Invoice 47 \\
\\
This is the beginning text... \\
\end{tabular}
\begin{tabular}{ l  l  l }
Description  &  & Total CHF \\
\multicolumn{2}{l}{Product A \\
\\
} & 22.00 \\
\multicolumn{2}{l}{Product B \\
\\
} & 30.00 \\
\multicolumn{2}{l}{Discount 10% product B \\
\\
} & -3.00 \\
\multicolumn{3}{l}{}\\
\multicolumn{3}{l}{}\\
TOTAL CHF  &  & 49.00 \\
\multicolumn{3}{l}{}\\
\multicolumn{3}{l}{VAT 8.00% = 3.63 CHF \\
}\\
\end{tabular}
Aaa \\
Bbb \\
6900 Lugano \\
\\
Aaa \\
Bbb \\
6900 Lugano \\
\\
\\
Banana.ch SA \\
Via Trevano 7a \\
6900 Lugano \\
\\
\\
Banana.ch SA \\
Via Trevano 7a \\
6900 Lugano \\
\\
01-103055-5 \\
\\
01-103055-5 \\
\\
49 \\
\\
00 \\
\\
49 \\
\\
00 \\
\\
12 34567 80000 10000 30000 04708  \\
Marco Alberti \\
V. CampurÃ©ta 40 \\
6883 Novazzano \\
\\
Marco Alberti \\
V. CampurÃ©ta 40 \\
6883 Novazzano \\
\\
12 34567 80000 10000 30000 04708  \\
\\
0100000049006>123456780000100003000004708+ 011030555> \\
\\
\\

\end{reportvalue}
\keyvalue{Result}{Passed}
%%info_test_time_elapsed{00:00:00.059}
\end{test}
%%info_test_time_elapsed{00:00:00.059}
\end{testcase}
%%info_test_time_elapsed{00:00:00.077}
\end{document}
