%%info_test_name{/Users/ivan/Documents/GitHub/Switzerland/report/customer/invoice/test/ch.banana.ch.invoice.ch06.test.js}
%%info_test_app{Banana90}{9.0.1}
%%info_test_os{macOS Sierra (10.12)}
%%info_test_qt{5.9.0}
%%info_test_date{2018-01-17}{12:06:30.655}
\documentclass{report}
\usepackage{color}
\usepackage{adjustbox}
\usepackage[margin=1cm]{geometry}
\begin{document}
\newenvironment{tablevalue}[2]
   {\textbf{Table: #1}\\\begin{adjustbox}{max width=\textwidth}\tabular{#2}}
   {\endtabular\end{adjustbox}}
\newenvironment{reportvalue}[1]{\textbf{Report: #1}\\}{\\}
\newcommand{\info}[2]{\textit{#1: #2}\\}
\newcommand{\fatalerror}[1]{\textbf{\textcolor[rgb]{1,0,0}{Fatal error: #1}}\\}
\newcommand{\keyvalue}[2]{\textbf{Keyvalue: #1} #2\\}
\newcommand{\excltest}[1]{\\Excluded from compare: #1}
\newenvironment{testcase}[1]{\section*{Test: #1}}{\newpage}
\newenvironment{test}[1]{\section*{Test case: #1}}{}
%Begin test data
\begin{testcase}{ReportInvoiceTemplate6}
\begin{test}{test1}
\keyvalue{Result}{Passed}
%%info_test_time_elapsed{00:00:00.002}
\end{test}
\begin{test}{test2}
\keyvalue{Result}{Passed}
%%info_test_time_elapsed{00:00:00.000}
\end{test}
\begin{test}{testReport}
%Test ch.banana.ch.invoice.ch06.js
\section{Invoice tests}
\subsection{Test Invoice 35}
\begin{reportvalue}{Test Invoice 35}
\begin{tabular}{ l  l }
FROM: \\
Banana.ch SA \\
Via Trevano 7a 6900 Lugano \\
info@banana.ch \\
www.banana.ch \\
\\
 & TO: \\
Mario Bianchi \\
Via Trevano \\
6963 Pregassona \\
\\
\\
\end{tabular}
\begin{tabular}{ l  l  l  l }
\multicolumn{4}{l}{INVOICE  35 }\\
\end{tabular}
\begin{tabular}{ l  l  l  l }
Date:  29.01.2018  & Customer No:  100002  & Total:  CHF 3'500.00  & Page:  1 \\
\end{tabular}
\begin{tabular}{ l  l  l  l }
Description  & Quantity  & Unit price  & Total CHF \\
Sales merchandise, invoice #35, customer B \\
\\
 & 1.00  & 1'851.85  & 1'851.85 \\
Sales merchandise, invoice #35, customer B \\
\\
 & 1.00  & 925.93  & 925.93 \\
Sales merchandise, invoice #35, customer B \\
\\
 & 1.00  & 462.96  & 462.96 \\
 &  &  & \\
   &    & Total net  & 3'240.74 \\
 &  & VAT 8.00% (3'240.74)  & 259.26 \\
 &  &  & \\
 &    & TOTAL CHF  & 3'500.00 \\
\multicolumn{4}{l}{}\\
\multicolumn{4}{l}{Payment:  30 days }\\
\multicolumn{4}{l}{This is the first note. }\\
\multicolumn{4}{l}{This is the secon note. }\\
\multicolumn{4}{l}{  }\\
\multicolumn{4}{l}{  }\\
\multicolumn{4}{l}{Best regards, Banana.ch SA }\\
\end{tabular}
\\
\begin{tabular}{ l  l  l  l }
Date:  29.01.2018  & Customer No:  100002  & Total:  CHF 3'500.00  & Page:  2 \\
\end{tabular}
\begin{tabular}{ l  l  l  l }
Description  & Quantity  & Unit price  & Total CHF \\
\end{tabular}
Aaa \\
Bbb \\
6900 Lugano \\
\\
Aaa \\
Bbb \\
6900 Lugano \\
\\
\\
Banana.ch SA \\
Via Trevano 7a \\
6900 Lugano \\
\\
\\
Banana.ch SA \\
Via Trevano 7a \\
6900 Lugano \\
\\
01-103055-5 \\
\\
01-103055-5 \\
\\
3500 \\
\\
00 \\
\\
3500 \\
\\
00 \\
\\
12 34567 80000 10000 20000 03502  \\
Mario Bianchi \\
Via Trevano \\
6963 Pregassona \\
\\
Mario Bianchi \\
Via Trevano \\
6963 Pregassona \\
\\
12 34567 80000 10000 20000 03502  \\
\\
0100003500009>123456780000100002000003502+ 011030555> \\
\\
\\

\end{reportvalue}
\subsection{Test Invoice 36}
\begin{reportvalue}{Test Invoice 36}
\begin{tabular}{ l  l }
FROM: \\
Banana.ch SA \\
Via Trevano 7a 6900 Lugano \\
info@banana.ch \\
www.banana.ch \\
\\
 & TO: \\
Susanna Lanfranchi \\
V.Meggiagra 3 \\
6599 Robasacco \\
Switzerland \\
\\
\end{tabular}
\begin{tabular}{ l  l  l  l }
\multicolumn{4}{l}{INVOICE  36 }\\
\end{tabular}
\begin{tabular}{ l  l  l  l }
Date:  01.02.2018  & Customer No:  100004  & Total:  CHF 7'000.00  & Page:  2 \\
\end{tabular}
\begin{tabular}{ l  l  l  l }
Description  & Quantity  & Unit price  & Total CHF \\
Sales merchandise, invoice #36, customer D \\
\\
 & 1.00  & 6'481.48  & 6'481.48 \\
 &  &  & \\
   &    & Total net  & 6'481.48 \\
 &  & VAT 8.00% (6'481.48)  & 518.52 \\
 &  &  & \\
 &    & TOTAL CHF  & 7'000.00 \\
\multicolumn{4}{l}{}\\
\end{tabular}
Aaa \\
Bbb \\
6900 Lugano \\
\\
Aaa \\
Bbb \\
6900 Lugano \\
\\
\\
Banana.ch SA \\
Via Trevano 7a \\
6900 Lugano \\
\\
\\
Banana.ch SA \\
Via Trevano 7a \\
6900 Lugano \\
\\
01-103055-5 \\
\\
01-103055-5 \\
\\
7000 \\
\\
00 \\
\\
7000 \\
\\
00 \\
\\
12 34567 80000 10000 40000 03604  \\
Susanna Lanfranchi \\
V.Meggiagra 3 \\
6599 Robasacco \\
\\
Susanna Lanfranchi \\
V.Meggiagra 3 \\
6599 Robasacco \\
\\
12 34567 80000 10000 40000 03604  \\
\\
0100007000003>123456780000100004000003604+ 011030555> \\
\\
\\

\end{reportvalue}
\subsection{Test Invoice 37}
\begin{reportvalue}{Test Invoice 37}
\begin{tabular}{ l  l }
FROM: \\
Banana.ch SA \\
Via Trevano 7a 6900 Lugano \\
info@banana.ch \\
www.banana.ch \\
\\
 & TO: \\
Carlo Rossi \\
Rossi SA \\
Via Trevano \\
6963 Pregassona \\
Switzerland \\
\\
\end{tabular}
\begin{tabular}{ l  l  l  l }
\multicolumn{4}{l}{INVOICE  37 }\\
\end{tabular}
\begin{tabular}{ l  l  l  l }
Date:  03.02.2018  & Customer No:  100001  & Total:  CHF 8'600.00  & Page:  2 \\
\end{tabular}
\begin{tabular}{ l  l  l  l }
Description  & Quantity  & Unit price  & Total CHF \\
Sales merchandise, invoice #37, customer A \\
\\
 & 1.00  & 7'407.41  & 7'407.41 \\
Consultancy \\
\\
 & 1.00  & 92.59  & 92.59 \\
Consultancy \\
\\
 & 1.00  & 92.59  & 92.59 \\
Consultancy \\
\\
 & 1.00  & 92.59  & 92.59 \\
\end{tabular}
\\
\begin{tabular}{ l  l  l  l }
Date:  03.02.2018  & Customer No:  100001  & Total:  CHF 8'600.00  & Page:  3 \\
\end{tabular}
\begin{tabular}{ l  l  l  l }
Description  & Quantity  & Unit price  & Total CHF \\
Consultancy \\
\\
 & 1.00  & 92.59  & 92.59 \\
Consultancy \\
\\
 & 1.00  & 92.59  & 92.59 \\
Consultancy \\
\\
 & 1.00  & 92.59  & 92.59 \\
 &  &  & \\
   &    & Total net  & 7'962.95 \\
 &  & VAT 8.00% (7'962.95)  & 637.05 \\
 &  &  & \\
 &    & TOTAL CHF  & 8'600.00 \\
\multicolumn{4}{l}{}\\
\end{tabular}
Aaa \\
Bbb \\
6900 Lugano \\
\\
Aaa \\
Bbb \\
6900 Lugano \\
\\
\\
Banana.ch SA \\
Via Trevano 7a \\
6900 Lugano \\
\\
\\
Banana.ch SA \\
Via Trevano 7a \\
6900 Lugano \\
\\
01-103055-5 \\
\\
01-103055-5 \\
\\
8600 \\
\\
00 \\
\\
8600 \\
\\
00 \\
\\
12 34567 80000 10000 10000 03703  \\
Rossi SA \\
Carlo Rossi \\
Via Trevano \\
6963 Pregassona \\
\\
Rossi SA \\
Carlo Rossi \\
Via Trevano \\
6963 Pregassona \\
\\
12 34567 80000 10000 10000 03703  \\
\\
0100008600005>123456780000100001000003703+ 011030555> \\
\\
\\

\end{reportvalue}
\subsection{Test Invoice 47}
\begin{reportvalue}{Test Invoice 47}
\begin{tabular}{ l  l }
FROM: \\
Banana.ch SA \\
Via Trevano 7a 6900 Lugano \\
info@banana.ch \\
www.banana.ch \\
\\
 & TO: \\
Marco Alberti \\
V. CampurÃ©ta 40 \\
6883 Novazzano \\
Switzerland \\
\\
\end{tabular}
\begin{tabular}{ l  l  l  l }
\multicolumn{4}{l}{INVOICE  47 }\\
\end{tabular}
\begin{tabular}{ l  l  l  l }
Date:  11.11.2018  & Customer No:  100003  & Total:  CHF 49.00  & Page:  3 \\
\end{tabular}
\begin{tabular}{ l  l  l  l }
Description  & Quantity  & Unit price  & Total CHF \\
Product A \\
\\
 & 1.00  & 20.37  & 20.37 \\
Product B \\
\\
 & 1.00  & 27.78  & 27.78 \\
Discount 10% product B \\
\\
 & 1.00  & -2.78  & -2.78 \\
 &  &  & \\
   &    & Total net  & 45.37 \\
 &  & VAT 8.00% (45.37)  & 3.63 \\
 &  &  & \\
 &    & TOTAL CHF  & 49.00 \\
\multicolumn{4}{l}{}\\
\end{tabular}
Aaa \\
Bbb \\
6900 Lugano \\
\\
Aaa \\
Bbb \\
6900 Lugano \\
\\
\\
Banana.ch SA \\
Via Trevano 7a \\
6900 Lugano \\
\\
\\
Banana.ch SA \\
Via Trevano 7a \\
6900 Lugano \\
\\
01-103055-5 \\
\\
01-103055-5 \\
\\
49 \\
\\
00 \\
\\
49 \\
\\
00 \\
\\
12 34567 80000 10000 30000 04708  \\
Marco Alberti \\
V. CampurÃ©ta 40 \\
6883 Novazzano \\
\\
Marco Alberti \\
V. CampurÃ©ta 40 \\
6883 Novazzano \\
\\
12 34567 80000 10000 30000 04708  \\
\\
0100000049006>123456780000100003000004708+ 011030555> \\
\\
\\

\end{reportvalue}
\keyvalue{Result}{Passed}
%%info_test_time_elapsed{00:00:00.059}
\end{test}
%%info_test_time_elapsed{00:00:00.061}
\end{testcase}
%%info_test_time_elapsed{00:00:00.079}
\end{document}
